<?xml version="1.0"?>
<link_info>
   <banner>MSP430 Linker PC v16.9.6.LTS</banner>
   <copyright>Copyright (c) 2003-2017 Texas Instruments Incorporated</copyright>
   <link_time>0x62c868ef</link_time>
   <link_errors>0x0</link_errors>
   <output_file>MCU_SIDE.out</output_file>
   <entry_point>
      <name>_c_int00_noargs_noexit</name>
      <address>0xc820</address>
   </entry_point>
   <input_file_list>
      <input_file id="fl-2">
         <path>.\source\</path>
         <kind>object</kind>
         <file>api.obj</file>
         <name>api.obj</name>
      </input_file>
      <input_file id="fl-3">
         <path>.\source\</path>
         <kind>object</kind>
         <file>bsp.obj</file>
         <name>bsp.obj</name>
      </input_file>
      <input_file id="fl-4">
         <path>.\source\</path>
         <kind>object</kind>
         <file>hal.obj</file>
         <name>hal.obj</name>
      </input_file>
      <input_file id="fl-5">
         <path>.\source\</path>
         <kind>object</kind>
         <file>main.obj</file>
         <name>main.obj</name>
      </input_file>
      <input_file id="fl-a">
         <kind>object</kind>
         <file>&lt;internal&gt;</file>
         <name>&lt;internal&gt;</name>
      </input_file>
      <input_file id="fl-20">
         <path>C:\ti\ccsv7\tools\compiler\ti-cgt-msp430_16.9.6.LTS\lib\</path>
         <kind>archive</kind>
         <file>rts430_eabi.lib</file>
         <name>boot.obj</name>
      </input_file>
      <input_file id="fl-21">
         <path>C:\ti\ccsv7\tools\compiler\ti-cgt-msp430_16.9.6.LTS\lib\</path>
         <kind>archive</kind>
         <file>rts430_eabi.lib</file>
         <name>boot_special.obj</name>
      </input_file>
      <input_file id="fl-22">
         <path>C:\ti\ccsv7\tools\compiler\ti-cgt-msp430_16.9.6.LTS\lib\</path>
         <kind>archive</kind>
         <file>rts430_eabi.lib</file>
         <name>copy_decompress_lzss.obj</name>
      </input_file>
      <input_file id="fl-23">
         <path>C:\ti\ccsv7\tools\compiler\ti-cgt-msp430_16.9.6.LTS\lib\</path>
         <kind>archive</kind>
         <file>rts430_eabi.lib</file>
         <name>copy_decompress_none.obj</name>
      </input_file>
      <input_file id="fl-24">
         <path>C:\ti\ccsv7\tools\compiler\ti-cgt-msp430_16.9.6.LTS\lib\</path>
         <kind>archive</kind>
         <file>rts430_eabi.lib</file>
         <name>copy_zero_init.obj</name>
      </input_file>
      <input_file id="fl-25">
         <path>C:\ti\ccsv7\tools\compiler\ti-cgt-msp430_16.9.6.LTS\lib\</path>
         <kind>archive</kind>
         <file>rts430_eabi.lib</file>
         <name>div16u.obj</name>
      </input_file>
      <input_file id="fl-26">
         <path>C:\ti\ccsv7\tools\compiler\ti-cgt-msp430_16.9.6.LTS\lib\</path>
         <kind>archive</kind>
         <file>rts430_eabi.lib</file>
         <name>div32s.obj</name>
      </input_file>
      <input_file id="fl-27">
         <path>C:\ti\ccsv7\tools\compiler\ti-cgt-msp430_16.9.6.LTS\lib\</path>
         <kind>archive</kind>
         <file>rts430_eabi.lib</file>
         <name>div32u.obj</name>
      </input_file>
      <input_file id="fl-28">
         <path>C:\ti\ccsv7\tools\compiler\ti-cgt-msp430_16.9.6.LTS\lib\</path>
         <kind>archive</kind>
         <file>rts430_eabi.lib</file>
         <name>epilog.obj</name>
      </input_file>
      <input_file id="fl-29">
         <path>C:\ti\ccsv7\tools\compiler\ti-cgt-msp430_16.9.6.LTS\lib\</path>
         <kind>archive</kind>
         <file>rts430_eabi.lib</file>
         <name>exit.obj</name>
      </input_file>
      <input_file id="fl-2a">
         <path>C:\ti\ccsv7\tools\compiler\ti-cgt-msp430_16.9.6.LTS\lib\</path>
         <kind>archive</kind>
         <file>rts430_eabi.lib</file>
         <name>exit_gvars.obj</name>
      </input_file>
      <input_file id="fl-2b">
         <path>C:\ti\ccsv7\tools\compiler\ti-cgt-msp430_16.9.6.LTS\lib\</path>
         <kind>archive</kind>
         <file>rts430_eabi.lib</file>
         <name>int00.obj</name>
      </input_file>
      <input_file id="fl-2c">
         <path>C:\ti\ccsv7\tools\compiler\ti-cgt-msp430_16.9.6.LTS\lib\</path>
         <kind>archive</kind>
         <file>rts430_eabi.lib</file>
         <name>int03.obj</name>
      </input_file>
      <input_file id="fl-2d">
         <path>C:\ti\ccsv7\tools\compiler\ti-cgt-msp430_16.9.6.LTS\lib\</path>
         <kind>archive</kind>
         <file>rts430_eabi.lib</file>
         <name>int08.obj</name>
      </input_file>
      <input_file id="fl-2e">
         <path>C:\ti\ccsv7\tools\compiler\ti-cgt-msp430_16.9.6.LTS\lib\</path>
         <kind>archive</kind>
         <file>rts430_eabi.lib</file>
         <name>int10.obj</name>
      </input_file>
      <input_file id="fl-2f">
         <path>C:\ti\ccsv7\tools\compiler\ti-cgt-msp430_16.9.6.LTS\lib\</path>
         <kind>archive</kind>
         <file>rts430_eabi.lib</file>
         <name>int11.obj</name>
      </input_file>
      <input_file id="fl-30">
         <path>C:\ti\ccsv7\tools\compiler\ti-cgt-msp430_16.9.6.LTS\lib\</path>
         <kind>archive</kind>
         <file>rts430_eabi.lib</file>
         <name>int12.obj</name>
      </input_file>
      <input_file id="fl-31">
         <path>C:\ti\ccsv7\tools\compiler\ti-cgt-msp430_16.9.6.LTS\lib\</path>
         <kind>archive</kind>
         <file>rts430_eabi.lib</file>
         <name>int13.obj</name>
      </input_file>
      <input_file id="fl-32">
         <path>C:\ti\ccsv7\tools\compiler\ti-cgt-msp430_16.9.6.LTS\lib\</path>
         <kind>archive</kind>
         <file>rts430_eabi.lib</file>
         <name>int14.obj</name>
      </input_file>
      <input_file id="fl-33">
         <path>C:\ti\ccsv7\tools\compiler\ti-cgt-msp430_16.9.6.LTS\lib\</path>
         <kind>archive</kind>
         <file>rts430_eabi.lib</file>
         <name>isr_trap.obj</name>
      </input_file>
      <input_file id="fl-34">
         <path>C:\ti\ccsv7\tools\compiler\ti-cgt-msp430_16.9.6.LTS\lib\</path>
         <kind>archive</kind>
         <file>rts430_eabi.lib</file>
         <name>lsl16.obj</name>
      </input_file>
      <input_file id="fl-35">
         <path>C:\ti\ccsv7\tools\compiler\ti-cgt-msp430_16.9.6.LTS\lib\</path>
         <kind>archive</kind>
         <file>rts430_eabi.lib</file>
         <name>lsr16.obj</name>
      </input_file>
      <input_file id="fl-36">
         <path>C:\ti\ccsv7\tools\compiler\ti-cgt-msp430_16.9.6.LTS\lib\</path>
         <kind>archive</kind>
         <file>rts430_eabi.lib</file>
         <name>memcpy.obj</name>
      </input_file>
      <input_file id="fl-37">
         <path>C:\ti\ccsv7\tools\compiler\ti-cgt-msp430_16.9.6.LTS\lib\</path>
         <kind>archive</kind>
         <file>rts430_eabi.lib</file>
         <name>memset.obj</name>
      </input_file>
      <input_file id="fl-38">
         <path>C:\ti\ccsv7\tools\compiler\ti-cgt-msp430_16.9.6.LTS\lib\</path>
         <kind>archive</kind>
         <file>rts430_eabi.lib</file>
         <name>mpu_init.obj</name>
      </input_file>
      <input_file id="fl-39">
         <path>C:\ti\ccsv7\tools\compiler\ti-cgt-msp430_16.9.6.LTS\lib\</path>
         <kind>archive</kind>
         <file>rts430_eabi.lib</file>
         <name>mult16.obj</name>
      </input_file>
      <input_file id="fl-3a">
         <path>C:\ti\ccsv7\tools\compiler\ti-cgt-msp430_16.9.6.LTS\lib\</path>
         <kind>archive</kind>
         <file>rts430_eabi.lib</file>
         <name>pre_init.obj</name>
      </input_file>
      <input_file id="fl-3b">
         <path>C:\ti\ccsv7\tools\compiler\ti-cgt-msp430_16.9.6.LTS\lib\</path>
         <kind>archive</kind>
         <file>rts430_eabi.lib</file>
         <name>_lock.obj</name>
      </input_file>
      <input_file id="fl-3c">
         <path>C:\ti\ccsv7\tools\compiler\ti-cgt-msp430_16.9.6.LTS\lib\</path>
         <kind>archive</kind>
         <file>rts430_eabi.lib</file>
         <name>args_main.obj</name>
      </input_file>
      <input_file id="fl-3d">
         <path>C:\ti\ccsv7\tools\compiler\ti-cgt-msp430_16.9.6.LTS\lib\</path>
         <kind>archive</kind>
         <file>rts430_eabi.lib</file>
         <name>autoinit.obj</name>
      </input_file>
      <input_file id="fl-3e">
         <path>C:\ti\ccsv7\tools\compiler\ti-cgt-msp430_16.9.6.LTS\lib\</path>
         <kind>archive</kind>
         <file>rts430_eabi.lib</file>
         <name>cpy_tbl.obj</name>
      </input_file>
      <input_file id="fl-3f">
         <path>C:\ti\ccsv7\tools\compiler\ti-cgt-msp430_16.9.6.LTS\lib\</path>
         <kind>archive</kind>
         <file>rts430_eabi.lib</file>
         <name>startup.obj</name>
      </input_file>
   </input_file_list>
   <object_component_list>
      <object_component id="oc-1a8">
         <name>.common:POT</name>
         <uninitialized>true</uninitialized>
         <run_address>0x22c</run_address>
         <size>0x6</size>
      </object_component>
      <object_component id="oc-19f">
         <name>.common:i</name>
         <uninitialized>true</uninitialized>
         <run_address>0x232</run_address>
         <size>0x2</size>
      </object_component>
      <object_component id="oc-1b0">
         <name>.common:j</name>
         <uninitialized>true</uninitialized>
         <run_address>0x234</run_address>
         <size>0x2</size>
      </object_component>
      <object_component id="oc-1b1">
         <name>.common:X</name>
         <uninitialized>true</uninitialized>
         <run_address>0x222</run_address>
         <size>0xa</size>
      </object_component>
      <object_component id="oc-279">
         <name>.data</name>
         <load_address>0x21e</load_address>
         <run_address>0x21e</run_address>
         <size>0x4</size>
         <input_file_ref idref="fl-2"/>
      </object_component>
      <object_component id="oc-1a2">
         <name>.data:REAL_Str</name>
         <load_address>0x200</load_address>
         <run_address>0x200</run_address>
         <size>0x10</size>
         <input_file_ref idref="fl-4"/>
      </object_component>
      <object_component id="oc-19a">
         <name>.data</name>
         <load_address>0x210</load_address>
         <run_address>0x210</run_address>
         <size>0xe</size>
         <input_file_ref idref="fl-5"/>
      </object_component>
      <object_component id="oc-f1">
         <name>.stack</name>
         <uninitialized>true</uninitialized>
         <run_address>0x3b0</run_address>
         <size>0x2</size>
         <input_file_ref idref="fl-20"/>
      </object_component>
      <object_component id="oc-323">
         <name>.stack</name>
         <uninitialized>true</uninitialized>
         <run_address>0x3b0</run_address>
         <size>0x0</size>
      </object_component>
      <object_component id="oc-1e7">
         <name>.text:lcd_init</name>
         <load_address>0xc000</load_address>
         <run_address>0xc000</run_address>
         <size>0xb4</size>
         <input_file_ref idref="fl-4"/>
      </object_component>
      <object_component id="oc-12d">
         <name>.text:USCI0TX_ISR</name>
         <load_address>0xc0b4</load_address>
         <run_address>0xc0b4</run_address>
         <size>0xa6</size>
         <input_file_ref idref="fl-4"/>
      </object_component>
      <object_component id="oc-166">
         <name>.text:main</name>
         <load_address>0xc15a</load_address>
         <run_address>0xc15a</run_address>
         <size>0x82</size>
         <input_file_ref idref="fl-5"/>
      </object_component>
      <object_component id="oc-34">
         <name>.text:decompress:lzss:__TI_decompress_lzss</name>
         <load_address>0xc1dc</load_address>
         <run_address>0xc1dc</run_address>
         <size>0x7c</size>
         <input_file_ref idref="fl-22"/>
      </object_component>
      <object_component id="oc-1e1">
         <name>.text:InitGPIO</name>
         <load_address>0xc258</load_address>
         <run_address>0xc258</run_address>
         <size>0x76</size>
         <input_file_ref idref="fl-3"/>
      </object_component>
      <object_component id="oc-291">
         <name>.text:int2str</name>
         <load_address>0xc2ce</load_address>
         <run_address>0xc2ce</run_address>
         <size>0x72</size>
         <input_file_ref idref="fl-4"/>
      </object_component>
      <object_component id="oc-14c">
         <name>.text:_auto_init</name>
         <load_address>0xc340</load_address>
         <run_address>0xc340</run_address>
         <size>0x6e</size>
         <input_file_ref idref="fl-3d"/>
      </object_component>
      <object_component id="oc-133">
         <name>.text:USCI0RX_ISR</name>
         <load_address>0xc3ae</load_address>
         <run_address>0xc3ae</run_address>
         <size>0x6a</size>
         <input_file_ref idref="fl-4"/>
      </object_component>
      <object_component id="oc-205">
         <name>.text:DownCounter</name>
         <load_address>0xc418</load_address>
         <run_address>0xc418</run_address>
         <size>0x5a</size>
         <input_file_ref idref="fl-2"/>
      </object_component>
      <object_component id="oc-1bf">
         <name>.text:copy_in</name>
         <load_address>0xc472</load_address>
         <run_address>0xc472</run_address>
         <size>0x5a</size>
         <input_file_ref idref="fl-3e"/>
      </object_component>
      <object_component id="oc-20b">
         <name>.text:UpCounter</name>
         <load_address>0xc4cc</load_address>
         <run_address>0xc4cc</run_address>
         <size>0x58</size>
         <input_file_ref idref="fl-2"/>
      </object_component>
      <object_component id="oc-2dd">
         <name>.text</name>
         <load_address>0xc524</load_address>
         <run_address>0xc524</run_address>
         <size>0x58</size>
         <input_file_ref idref="fl-27"/>
      </object_component>
      <object_component id="oc-2d3">
         <name>.text:lcd_data</name>
         <load_address>0xc57c</load_address>
         <run_address>0xc57c</run_address>
         <size>0x54</size>
         <input_file_ref idref="fl-4"/>
      </object_component>
      <object_component id="oc-fa">
         <name>.text</name>
         <load_address>0xc5d0</load_address>
         <run_address>0xc5d0</run_address>
         <size>0x4c</size>
         <input_file_ref idref="fl-35"/>
      </object_component>
      <object_component id="oc-1b4">
         <name>.text:str2int</name>
         <load_address>0xc61c</load_address>
         <run_address>0xc61c</run_address>
         <size>0x48</size>
         <input_file_ref idref="fl-4"/>
      </object_component>
      <object_component id="oc-2c6">
         <name>.text</name>
         <load_address>0xc664</load_address>
         <run_address>0xc664</run_address>
         <size>0x40</size>
         <input_file_ref idref="fl-26"/>
      </object_component>
      <object_component id="oc-194">
         <name>.text:_buttonDebounceDelay</name>
         <load_address>0xc6a4</load_address>
         <run_address>0xc6a4</run_address>
         <size>0x3c</size>
         <input_file_ref idref="fl-4"/>
      </object_component>
      <object_component id="oc-26c">
         <name>.text:lcd_cmd</name>
         <load_address>0xc6e0</load_address>
         <run_address>0xc6e0</run_address>
         <size>0x3c</size>
         <input_file_ref idref="fl-4"/>
      </object_component>
      <object_component id="oc-121">
         <name>.text:PORT1_ISR</name>
         <load_address>0xc71c</load_address>
         <run_address>0xc71c</run_address>
         <size>0x32</size>
         <input_file_ref idref="fl-4"/>
      </object_component>
      <object_component id="oc-f5">
         <name>.text</name>
         <load_address>0xc74e</load_address>
         <run_address>0xc74e</run_address>
         <size>0x2c</size>
         <input_file_ref idref="fl-34"/>
      </object_component>
      <object_component id="oc-1ed">
         <name>.text:move_forward</name>
         <load_address>0xc77a</load_address>
         <run_address>0xc77a</run_address>
         <size>0x28</size>
         <input_file_ref idref="fl-4"/>
      </object_component>
      <object_component id="oc-28b">
         <name>.text:SC_from_POT</name>
         <load_address>0xc7a2</load_address>
         <run_address>0xc7a2</run_address>
         <size>0x24</size>
         <input_file_ref idref="fl-4"/>
      </object_component>
      <object_component id="oc-211">
         <name>.text:RGBBlink</name>
         <load_address>0xc7c6</load_address>
         <run_address>0xc7c6</run_address>
         <size>0x20</size>
         <input_file_ref idref="fl-2"/>
      </object_component>
      <object_component id="oc-2a8">
         <name>.text:blink_RGB</name>
         <load_address>0xc7e6</load_address>
         <run_address>0xc7e6</run_address>
         <size>0x20</size>
         <input_file_ref idref="fl-4"/>
      </object_component>
      <object_component id="oc-1ff">
         <name>.text:Potentiometer</name>
         <load_address>0xc806</load_address>
         <run_address>0xc806</run_address>
         <size>0x1a</size>
         <input_file_ref idref="fl-2"/>
      </object_component>
      <object_component id="oc-6b">
         <name>.text:_c_int00_noargs_noexit</name>
         <load_address>0xc820</load_address>
         <run_address>0xc820</run_address>
         <size>0x1a</size>
         <input_file_ref idref="fl-21"/>
      </object_component>
      <object_component id="oc-273">
         <name>.text:delay_ms</name>
         <load_address>0xc83a</load_address>
         <run_address>0xc83a</run_address>
         <size>0x16</size>
         <input_file_ref idref="fl-4"/>
      </object_component>
      <object_component id="oc-29f">
         <name>.text:lcd_puts</name>
         <load_address>0xc850</load_address>
         <run_address>0xc850</run_address>
         <size>0x16</size>
         <input_file_ref idref="fl-4"/>
      </object_component>
      <object_component id="oc-2cb">
         <name>.text</name>
         <load_address>0xc866</load_address>
         <run_address>0xc866</run_address>
         <size>0x16</size>
         <input_file_ref idref="fl-25"/>
      </object_component>
      <object_component id="oc-25a">
         <name>.text:DelayMs</name>
         <load_address>0xc87c</load_address>
         <run_address>0xc87c</run_address>
         <size>0x14</size>
         <input_file_ref idref="fl-4"/>
      </object_component>
      <object_component id="oc-1f9">
         <name>.text:clear_and_initialize</name>
         <load_address>0xc890</load_address>
         <run_address>0xc890</run_address>
         <size>0x14</size>
         <input_file_ref idref="fl-2"/>
      </object_component>
      <object_component id="oc-4d">
         <name>.text:decompress:ZI:__TI_zero_init</name>
         <load_address>0xc8a4</load_address>
         <run_address>0xc8a4</run_address>
         <size>0x14</size>
         <input_file_ref idref="fl-24"/>
      </object_component>
      <object_component id="oc-298">
         <name>.text:memset</name>
         <load_address>0xc8b8</load_address>
         <run_address>0xc8b8</run_address>
         <size>0x14</size>
         <input_file_ref idref="fl-37"/>
      </object_component>
      <object_component id="oc-229">
         <name>.text</name>
         <load_address>0xc8cc</load_address>
         <run_address>0xc8cc</run_address>
         <size>0x14</size>
         <input_file_ref idref="fl-39"/>
      </object_component>
      <object_component id="oc-3a">
         <name>.text:decompress:none:__TI_decompress_none</name>
         <load_address>0xc8e0</load_address>
         <run_address>0xc8e0</run_address>
         <size>0x12</size>
         <input_file_ref idref="fl-23"/>
      </object_component>
      <object_component id="oc-260">
         <name>.text:lcd_strobe</name>
         <load_address>0xc8f2</load_address>
         <run_address>0xc8f2</run_address>
         <size>0x12</size>
         <input_file_ref idref="fl-4"/>
      </object_component>
      <object_component id="oc-10f">
         <name>.text:memcpy</name>
         <load_address>0xc904</load_address>
         <run_address>0xc904</run_address>
         <size>0x12</size>
         <input_file_ref idref="fl-36"/>
      </object_component>
      <object_component id="oc-ff">
         <name>.text</name>
         <load_address>0xc916</load_address>
         <run_address>0xc916</run_address>
         <size>0x10</size>
         <input_file_ref idref="fl-28"/>
      </object_component>
      <object_component id="oc-266">
         <name>.text:DelayUs</name>
         <load_address>0xc926</load_address>
         <run_address>0xc926</run_address>
         <size>0xe</size>
         <input_file_ref idref="fl-4"/>
      </object_component>
      <object_component id="oc-139">
         <name>.text:Timer_A</name>
         <load_address>0xc934</load_address>
         <run_address>0xc934</run_address>
         <size>0xe</size>
         <input_file_ref idref="fl-4"/>
      </object_component>
      <object_component id="oc-27e">
         <name>.text:clearing</name>
         <load_address>0xc942</load_address>
         <run_address>0xc942</run_address>
         <size>0xe</size>
         <input_file_ref idref="fl-4"/>
      </object_component>
      <object_component id="oc-285">
         <name>.text:adc10_config</name>
         <load_address>0xc950</load_address>
         <run_address>0xc950</run_address>
         <size>0xc</size>
         <input_file_ref idref="fl-4"/>
      </object_component>
      <object_component id="oc-1f3">
         <name>.text:enable_transmition</name>
         <load_address>0xc95c</load_address>
         <run_address>0xc95c</run_address>
         <size>0xa</size>
         <input_file_ref idref="fl-4"/>
      </object_component>
      <object_component id="oc-127">
         <name>.text:ADC10_ISR</name>
         <load_address>0xc966</load_address>
         <run_address>0xc966</run_address>
         <size>0x8</size>
         <input_file_ref idref="fl-4"/>
      </object_component>
      <object_component id="oc-11c">
         <name>.text:_isr:__TI_ISR_TRAP</name>
         <load_address>0xc96e</load_address>
         <run_address>0xc96e</run_address>
         <size>0x8</size>
         <input_file_ref idref="fl-33"/>
      </object_component>
      <object_component id="oc-1aa">
         <name>.text:clear_RGB</name>
         <load_address>0xc976</load_address>
         <run_address>0xc976</run_address>
         <size>0x8</size>
         <input_file_ref idref="fl-4"/>
      </object_component>
      <object_component id="oc-16e">
         <name>.text:abort</name>
         <load_address>0xc97e</load_address>
         <run_address>0xc97e</run_address>
         <size>0x6</size>
         <input_file_ref idref="fl-29"/>
      </object_component>
      <object_component id="oc-146">
         <name>.text:_system_pre_init</name>
         <load_address>0xc984</load_address>
         <run_address>0xc984</run_address>
         <size>0x4</size>
         <input_file_ref idref="fl-3a"/>
      </object_component>
      <object_component id="oc-1c5">
         <name>.text:_system_post_cinit</name>
         <load_address>0xc988</load_address>
         <run_address>0xc988</run_address>
         <size>0x2</size>
         <input_file_ref idref="fl-3f"/>
      </object_component>
      <object_component id="oc-322">
         <name>.cinit..data.load</name>
         <load_address>0xcb4e</load_address>
         <run_address>0xcb4e</run_address>
         <size>0x26</size>
      </object_component>
      <object_component id="oc-31f">
         <name>__TI_handler_table</name>
         <load_address>0xcb74</load_address>
         <run_address>0xcb74</run_address>
         <size>0x6</size>
      </object_component>
      <object_component id="oc-321">
         <name>.cinit..bss.load</name>
         <load_address>0xcb7a</load_address>
         <run_address>0xcb7a</run_address>
         <size>0x4</size>
      </object_component>
      <object_component id="oc-320">
         <name>__TI_cinit_table</name>
         <load_address>0xcb7e</load_address>
         <run_address>0xcb7e</run_address>
         <size>0x8</size>
      </object_component>
      <object_component id="oc-1a5">
         <name>.const:.string:MENU</name>
         <load_address>0xc98a</load_address>
         <run_address>0xc98a</run_address>
         <size>0x1b1</size>
         <input_file_ref idref="fl-4"/>
      </object_component>
      <object_component id="oc-29e">
         <name>.const:.string</name>
         <load_address>0xcb3c</load_address>
         <run_address>0xcb3c</run_address>
         <size>0x12</size>
         <input_file_ref idref="fl-2"/>
      </object_component>
      <object_component id="oc-2e9">
         <name>.binit</name>
         <load_address>0xc000</load_address>
         <run_address>0xc000</run_address>
         <size>0x0</size>
      </object_component>
      <object_component id="oc-40">
         <name>.int00</name>
         <load_address>0xffe0</load_address>
         <run_address>0xffe0</run_address>
         <size>0x2</size>
         <input_file_ref idref="fl-2b"/>
      </object_component>
      <object_component id="oc-41">
         <name>.int02</name>
         <load_address>0xffe4</load_address>
         <run_address>0xffe4</run_address>
         <size>0x2</size>
         <input_file_ref idref="fl-4"/>
      </object_component>
      <object_component id="oc-42">
         <name>.int03</name>
         <load_address>0xffe6</load_address>
         <run_address>0xffe6</run_address>
         <size>0x2</size>
         <input_file_ref idref="fl-2c"/>
      </object_component>
      <object_component id="oc-43">
         <name>.int05</name>
         <load_address>0xffea</load_address>
         <run_address>0xffea</run_address>
         <size>0x2</size>
         <input_file_ref idref="fl-4"/>
      </object_component>
      <object_component id="oc-44">
         <name>.int06</name>
         <load_address>0xffec</load_address>
         <run_address>0xffec</run_address>
         <size>0x2</size>
         <input_file_ref idref="fl-4"/>
      </object_component>
      <object_component id="oc-45">
         <name>.int07</name>
         <load_address>0xffee</load_address>
         <run_address>0xffee</run_address>
         <size>0x2</size>
         <input_file_ref idref="fl-4"/>
      </object_component>
      <object_component id="oc-46">
         <name>.int08</name>
         <load_address>0xfff0</load_address>
         <run_address>0xfff0</run_address>
         <size>0x2</size>
         <input_file_ref idref="fl-2d"/>
      </object_component>
      <object_component id="oc-47">
         <name>.int09</name>
         <load_address>0xfff2</load_address>
         <run_address>0xfff2</run_address>
         <size>0x2</size>
         <input_file_ref idref="fl-4"/>
      </object_component>
      <object_component id="oc-48">
         <name>.int10</name>
         <load_address>0xfff4</load_address>
         <run_address>0xfff4</run_address>
         <size>0x2</size>
         <input_file_ref idref="fl-2e"/>
      </object_component>
      <object_component id="oc-49">
         <name>.int11</name>
         <load_address>0xfff6</load_address>
         <run_address>0xfff6</run_address>
         <size>0x2</size>
         <input_file_ref idref="fl-2f"/>
      </object_component>
      <object_component id="oc-4a">
         <name>.int12</name>
         <load_address>0xfff8</load_address>
         <run_address>0xfff8</run_address>
         <size>0x2</size>
         <input_file_ref idref="fl-30"/>
      </object_component>
      <object_component id="oc-4b">
         <name>.int13</name>
         <load_address>0xfffa</load_address>
         <run_address>0xfffa</run_address>
         <size>0x2</size>
         <input_file_ref idref="fl-31"/>
      </object_component>
      <object_component id="oc-4c">
         <name>.int14</name>
         <load_address>0xfffc</load_address>
         <run_address>0xfffc</run_address>
         <size>0x2</size>
         <input_file_ref idref="fl-32"/>
      </object_component>
      <object_component id="oc-f4">
         <name>.reset</name>
         <load_address>0xfffe</load_address>
         <run_address>0xfffe</run_address>
         <size>0x2</size>
         <input_file_ref idref="fl-20"/>
      </object_component>
      <object_component id="oc-2a6">
         <name>.debug_info</name>
         <load_address>0x0</load_address>
         <run_address>0x0</run_address>
         <size>0x3c1</size>
         <input_file_ref idref="fl-2"/>
      </object_component>
      <object_component id="oc-27a">
         <name>.debug_info</name>
         <load_address>0x3c1</load_address>
         <run_address>0x3c1</run_address>
         <size>0x122</size>
         <input_file_ref idref="fl-2"/>
      </object_component>
      <object_component id="oc-212">
         <name>.debug_info</name>
         <load_address>0x4e3</load_address>
         <run_address>0x4e3</run_address>
         <size>0x175</size>
         <input_file_ref idref="fl-2"/>
      </object_component>
      <object_component id="oc-20c">
         <name>.debug_info</name>
         <load_address>0x658</load_address>
         <run_address>0x658</run_address>
         <size>0x1f2</size>
         <input_file_ref idref="fl-2"/>
      </object_component>
      <object_component id="oc-206">
         <name>.debug_info</name>
         <load_address>0x84a</load_address>
         <run_address>0x84a</run_address>
         <size>0x1cd</size>
         <input_file_ref idref="fl-2"/>
      </object_component>
      <object_component id="oc-201">
         <name>.debug_info</name>
         <load_address>0xa17</load_address>
         <run_address>0xa17</run_address>
         <size>0x185</size>
         <input_file_ref idref="fl-2"/>
      </object_component>
      <object_component id="oc-1fc">
         <name>.debug_info</name>
         <load_address>0xb9c</load_address>
         <run_address>0xb9c</run_address>
         <size>0x156</size>
         <input_file_ref idref="fl-2"/>
      </object_component>
      <object_component id="oc-10a">
         <name>.debug_info</name>
         <load_address>0xcf2</load_address>
         <run_address>0xcf2</run_address>
         <size>0x84</size>
         <input_file_ref idref="fl-2"/>
      </object_component>
      <object_component id="oc-1e4">
         <name>.debug_info</name>
         <load_address>0xd76</load_address>
         <run_address>0xd76</run_address>
         <size>0x12f</size>
         <input_file_ref idref="fl-3"/>
      </object_component>
      <object_component id="oc-1a0">
         <name>.debug_info</name>
         <load_address>0xea5</load_address>
         <run_address>0xea5</run_address>
         <size>0x4c2</size>
         <input_file_ref idref="fl-4"/>
      </object_component>
      <object_component id="oc-1a6">
         <name>.debug_info</name>
         <load_address>0x1367</load_address>
         <run_address>0x1367</run_address>
         <size>0xf1</size>
         <input_file_ref idref="fl-4"/>
      </object_component>
      <object_component id="oc-1a3">
         <name>.debug_info</name>
         <load_address>0x1458</load_address>
         <run_address>0x1458</run_address>
         <size>0xf9</size>
         <input_file_ref idref="fl-4"/>
      </object_component>
      <object_component id="oc-1ef">
         <name>.debug_info</name>
         <load_address>0x1551</load_address>
         <run_address>0x1551</run_address>
         <size>0x146</size>
         <input_file_ref idref="fl-4"/>
      </object_component>
      <object_component id="oc-196">
         <name>.debug_info</name>
         <load_address>0x1697</load_address>
         <run_address>0x1697</run_address>
         <size>0x17d</size>
         <input_file_ref idref="fl-4"/>
      </object_component>
      <object_component id="oc-123">
         <name>.debug_info</name>
         <load_address>0x1814</load_address>
         <run_address>0x1814</run_address>
         <size>0x14d</size>
         <input_file_ref idref="fl-4"/>
      </object_component>
      <object_component id="oc-1ac">
         <name>.debug_info</name>
         <load_address>0x1961</load_address>
         <run_address>0x1961</run_address>
         <size>0x131</size>
         <input_file_ref idref="fl-4"/>
      </object_component>
      <object_component id="oc-2aa">
         <name>.debug_info</name>
         <load_address>0x1a92</load_address>
         <run_address>0x1a92</run_address>
         <size>0x153</size>
         <input_file_ref idref="fl-4"/>
      </object_component>
      <object_component id="oc-287">
         <name>.debug_info</name>
         <load_address>0x1be5</load_address>
         <run_address>0x1be5</run_address>
         <size>0x137</size>
         <input_file_ref idref="fl-4"/>
      </object_component>
      <object_component id="oc-28d">
         <name>.debug_info</name>
         <load_address>0x1d1c</load_address>
         <run_address>0x1d1c</run_address>
         <size>0x135</size>
         <input_file_ref idref="fl-4"/>
      </object_component>
      <object_component id="oc-129">
         <name>.debug_info</name>
         <load_address>0x1e51</load_address>
         <run_address>0x1e51</run_address>
         <size>0x132</size>
         <input_file_ref idref="fl-4"/>
      </object_component>
      <object_component id="oc-280">
         <name>.debug_info</name>
         <load_address>0x1f83</load_address>
         <run_address>0x1f83</run_address>
         <size>0x13d</size>
         <input_file_ref idref="fl-4"/>
      </object_component>
      <object_component id="oc-1f5">
         <name>.debug_info</name>
         <load_address>0x20c0</load_address>
         <run_address>0x20c0</run_address>
         <size>0x143</size>
         <input_file_ref idref="fl-4"/>
      </object_component>
      <object_component id="oc-135">
         <name>.debug_info</name>
         <load_address>0x2203</load_address>
         <run_address>0x2203</run_address>
         <size>0x154</size>
         <input_file_ref idref="fl-4"/>
      </object_component>
      <object_component id="oc-12f">
         <name>.debug_info</name>
         <load_address>0x2357</load_address>
         <run_address>0x2357</run_address>
         <size>0x136</size>
         <input_file_ref idref="fl-4"/>
      </object_component>
      <object_component id="oc-26e">
         <name>.debug_info</name>
         <load_address>0x248d</load_address>
         <run_address>0x248d</run_address>
         <size>0x189</size>
         <input_file_ref idref="fl-4"/>
      </object_component>
      <object_component id="oc-2d5">
         <name>.debug_info</name>
         <load_address>0x2616</load_address>
         <run_address>0x2616</run_address>
         <size>0x18b</size>
         <input_file_ref idref="fl-4"/>
      </object_component>
      <object_component id="oc-2a1">
         <name>.debug_info</name>
         <load_address>0x27a1</load_address>
         <run_address>0x27a1</run_address>
         <size>0x154</size>
         <input_file_ref idref="fl-4"/>
      </object_component>
      <object_component id="oc-1e8">
         <name>.debug_info</name>
         <load_address>0x28f5</load_address>
         <run_address>0x28f5</run_address>
         <size>0x20f</size>
         <input_file_ref idref="fl-4"/>
      </object_component>
      <object_component id="oc-267">
         <name>.debug_info</name>
         <load_address>0x2b04</load_address>
         <run_address>0x2b04</run_address>
         <size>0x159</size>
         <input_file_ref idref="fl-4"/>
      </object_component>
      <object_component id="oc-25b">
         <name>.debug_info</name>
         <load_address>0x2c5d</load_address>
         <run_address>0x2c5d</run_address>
         <size>0x167</size>
         <input_file_ref idref="fl-4"/>
      </object_component>
      <object_component id="oc-261">
         <name>.debug_info</name>
         <load_address>0x2dc4</load_address>
         <run_address>0x2dc4</run_address>
         <size>0x136</size>
         <input_file_ref idref="fl-4"/>
      </object_component>
      <object_component id="oc-292">
         <name>.debug_info</name>
         <load_address>0x2efa</load_address>
         <run_address>0x2efa</run_address>
         <size>0x1ee</size>
         <input_file_ref idref="fl-4"/>
      </object_component>
      <object_component id="oc-1b5">
         <name>.debug_info</name>
         <load_address>0x30e8</load_address>
         <run_address>0x30e8</run_address>
         <size>0x180</size>
         <input_file_ref idref="fl-4"/>
      </object_component>
      <object_component id="oc-274">
         <name>.debug_info</name>
         <load_address>0x3268</load_address>
         <run_address>0x3268</run_address>
         <size>0x14c</size>
         <input_file_ref idref="fl-4"/>
      </object_component>
      <object_component id="oc-13a">
         <name>.debug_info</name>
         <load_address>0x33b4</load_address>
         <run_address>0x33b4</run_address>
         <size>0x131</size>
         <input_file_ref idref="fl-4"/>
      </object_component>
      <object_component id="oc-1b2">
         <name>.debug_info</name>
         <load_address>0x34e5</load_address>
         <run_address>0x34e5</run_address>
         <size>0x2ff</size>
         <input_file_ref idref="fl-5"/>
      </object_component>
      <object_component id="oc-19b">
         <name>.debug_info</name>
         <load_address>0x37e4</load_address>
         <run_address>0x37e4</run_address>
         <size>0x1ce</size>
         <input_file_ref idref="fl-5"/>
      </object_component>
      <object_component id="oc-167">
         <name>.debug_info</name>
         <load_address>0x39b2</load_address>
         <run_address>0x39b2</run_address>
         <size>0x1d6</size>
         <input_file_ref idref="fl-5"/>
      </object_component>
      <object_component id="oc-f2">
         <name>.debug_info</name>
         <load_address>0x3b88</load_address>
         <run_address>0x3b88</run_address>
         <size>0xf5</size>
         <input_file_ref idref="fl-20"/>
      </object_component>
      <object_component id="oc-6e">
         <name>.debug_info</name>
         <load_address>0x3c7d</load_address>
         <run_address>0x3c7d</run_address>
         <size>0x196</size>
         <input_file_ref idref="fl-21"/>
      </object_component>
      <object_component id="oc-184">
         <name>.debug_info</name>
         <load_address>0x3e13</load_address>
         <run_address>0x3e13</run_address>
         <size>0x16b</size>
         <input_file_ref idref="fl-22"/>
      </object_component>
      <object_component id="oc-36">
         <name>.debug_info</name>
         <load_address>0x3f7e</load_address>
         <run_address>0x3f7e</run_address>
         <size>0x287</size>
         <input_file_ref idref="fl-22"/>
      </object_component>
      <object_component id="oc-105">
         <name>.debug_info</name>
         <load_address>0x4205</load_address>
         <run_address>0x4205</run_address>
         <size>0x60</size>
         <input_file_ref idref="fl-22"/>
      </object_component>
      <object_component id="oc-17f">
         <name>.debug_info</name>
         <load_address>0x4265</load_address>
         <run_address>0x4265</run_address>
         <size>0x46</size>
         <input_file_ref idref="fl-22"/>
      </object_component>
      <object_component id="oc-11b">
         <name>.debug_info</name>
         <load_address>0x42ab</load_address>
         <run_address>0x42ab</run_address>
         <size>0x1b2</size>
         <input_file_ref idref="fl-23"/>
      </object_component>
      <object_component id="oc-3b">
         <name>.debug_info</name>
         <load_address>0x445d</load_address>
         <run_address>0x445d</run_address>
         <size>0x1df</size>
         <input_file_ref idref="fl-23"/>
      </object_component>
      <object_component id="oc-116">
         <name>.debug_info</name>
         <load_address>0x463c</load_address>
         <run_address>0x463c</run_address>
         <size>0x46</size>
         <input_file_ref idref="fl-23"/>
      </object_component>
      <object_component id="oc-18c">
         <name>.debug_info</name>
         <load_address>0x4682</load_address>
         <run_address>0x4682</run_address>
         <size>0x2c</size>
         <input_file_ref idref="fl-23"/>
      </object_component>
      <object_component id="oc-145">
         <name>.debug_info</name>
         <load_address>0x46ae</load_address>
         <run_address>0x46ae</run_address>
         <size>0x16a</size>
         <input_file_ref idref="fl-24"/>
      </object_component>
      <object_component id="oc-51">
         <name>.debug_info</name>
         <load_address>0x4818</load_address>
         <run_address>0x4818</run_address>
         <size>0x1b5</size>
         <input_file_ref idref="fl-24"/>
      </object_component>
      <object_component id="oc-140">
         <name>.debug_info</name>
         <load_address>0x49cd</load_address>
         <run_address>0x49cd</run_address>
         <size>0x46</size>
         <input_file_ref idref="fl-24"/>
      </object_component>
      <object_component id="oc-187">
         <name>.debug_info</name>
         <load_address>0x4a13</load_address>
         <run_address>0x4a13</run_address>
         <size>0x2c</size>
         <input_file_ref idref="fl-24"/>
      </object_component>
      <object_component id="oc-2cc">
         <name>.debug_info</name>
         <load_address>0x4a3f</load_address>
         <run_address>0x4a3f</run_address>
         <size>0x119</size>
         <input_file_ref idref="fl-25"/>
      </object_component>
      <object_component id="oc-2c9">
         <name>.debug_info</name>
         <load_address>0x4b58</load_address>
         <run_address>0x4b58</run_address>
         <size>0x130</size>
         <input_file_ref idref="fl-26"/>
      </object_component>
      <object_component id="oc-2de">
         <name>.debug_info</name>
         <load_address>0x4c88</load_address>
         <run_address>0x4c88</run_address>
         <size>0x11b</size>
         <input_file_ref idref="fl-27"/>
      </object_component>
      <object_component id="oc-101">
         <name>.debug_info</name>
         <load_address>0x4da3</load_address>
         <run_address>0x4da3</run_address>
         <size>0x126</size>
         <input_file_ref idref="fl-28"/>
      </object_component>
      <object_component id="oc-170">
         <name>.debug_info</name>
         <load_address>0x4ec9</load_address>
         <run_address>0x4ec9</run_address>
         <size>0x117</size>
         <input_file_ref idref="fl-29"/>
      </object_component>
      <object_component id="oc-11f">
         <name>.debug_info</name>
         <load_address>0x4fe0</load_address>
         <run_address>0x4fe0</run_address>
         <size>0x107</size>
         <input_file_ref idref="fl-33"/>
      </object_component>
      <object_component id="oc-f8">
         <name>.debug_info</name>
         <load_address>0x50e7</load_address>
         <run_address>0x50e7</run_address>
         <size>0x118</size>
         <input_file_ref idref="fl-34"/>
      </object_component>
      <object_component id="oc-fd">
         <name>.debug_info</name>
         <load_address>0x51ff</load_address>
         <run_address>0x51ff</run_address>
         <size>0x118</size>
         <input_file_ref idref="fl-35"/>
      </object_component>
      <object_component id="oc-186">
         <name>.debug_info</name>
         <load_address>0x5317</load_address>
         <run_address>0x5317</run_address>
         <size>0x16d</size>
         <input_file_ref idref="fl-36"/>
      </object_component>
      <object_component id="oc-111">
         <name>.debug_info</name>
         <load_address>0x5484</load_address>
         <run_address>0x5484</run_address>
         <size>0x191</size>
         <input_file_ref idref="fl-36"/>
      </object_component>
      <object_component id="oc-2d2">
         <name>.debug_info</name>
         <load_address>0x5615</load_address>
         <run_address>0x5615</run_address>
         <size>0x162</size>
         <input_file_ref idref="fl-37"/>
      </object_component>
      <object_component id="oc-299">
         <name>.debug_info</name>
         <load_address>0x5777</load_address>
         <run_address>0x5777</run_address>
         <size>0x25a</size>
         <input_file_ref idref="fl-37"/>
      </object_component>
      <object_component id="oc-22a">
         <name>.debug_info</name>
         <load_address>0x59d1</load_address>
         <run_address>0x59d1</run_address>
         <size>0x119</size>
         <input_file_ref idref="fl-39"/>
      </object_component>
      <object_component id="oc-148">
         <name>.debug_info</name>
         <load_address>0x5aea</load_address>
         <run_address>0x5aea</run_address>
         <size>0x148</size>
         <input_file_ref idref="fl-3a"/>
      </object_component>
      <object_component id="oc-1cc">
         <name>.debug_info</name>
         <load_address>0x5c32</load_address>
         <run_address>0x5c32</run_address>
         <size>0x3b6</size>
         <input_file_ref idref="fl-3d"/>
      </object_component>
      <object_component id="oc-14d">
         <name>.debug_info</name>
         <load_address>0x5fe8</load_address>
         <run_address>0x5fe8</run_address>
         <size>0x1c2</size>
         <input_file_ref idref="fl-3d"/>
      </object_component>
      <object_component id="oc-234">
         <name>.debug_info</name>
         <load_address>0x61aa</load_address>
         <run_address>0x61aa</run_address>
         <size>0x39</size>
         <input_file_ref idref="fl-3d"/>
      </object_component>
      <object_component id="oc-239">
         <name>.debug_info</name>
         <load_address>0x61e3</load_address>
         <run_address>0x61e3</run_address>
         <size>0xcd</size>
         <input_file_ref idref="fl-3d"/>
      </object_component>
      <object_component id="oc-230">
         <name>.debug_info</name>
         <load_address>0x62b0</load_address>
         <run_address>0x62b0</run_address>
         <size>0x252</size>
         <input_file_ref idref="fl-3e"/>
      </object_component>
      <object_component id="oc-1c1">
         <name>.debug_info</name>
         <load_address>0x6502</load_address>
         <run_address>0x6502</run_address>
         <size>0x1b0</size>
         <input_file_ref idref="fl-3e"/>
      </object_component>
      <object_component id="oc-2b2">
         <name>.debug_info</name>
         <load_address>0x66b2</load_address>
         <run_address>0x66b2</run_address>
         <size>0x2c</size>
         <input_file_ref idref="fl-3e"/>
      </object_component>
      <object_component id="oc-1c7">
         <name>.debug_info</name>
         <load_address>0x66de</load_address>
         <run_address>0x66de</run_address>
         <size>0x145</size>
         <input_file_ref idref="fl-3f"/>
      </object_component>
      <object_component id="oc-324">
         <name>.debug_info</name>
         <load_address>0x6823</load_address>
         <run_address>0x6823</run_address>
         <size>0xc5</size>
      </object_component>
      <object_component id="oc-2db">
         <name>.debug_line</name>
         <load_address>0x0</load_address>
         <run_address>0x0</run_address>
         <size>0xee</size>
         <input_file_ref idref="fl-2"/>
      </object_component>
      <object_component id="oc-2c2">
         <name>.debug_line</name>
         <load_address>0xee</load_address>
         <run_address>0xee</run_address>
         <size>0x33</size>
         <input_file_ref idref="fl-2"/>
      </object_component>
      <object_component id="oc-215">
         <name>.debug_line</name>
         <load_address>0x121</load_address>
         <run_address>0x121</run_address>
         <size>0x50</size>
         <input_file_ref idref="fl-2"/>
      </object_component>
      <object_component id="oc-20f">
         <name>.debug_line</name>
         <load_address>0x171</load_address>
         <run_address>0x171</run_address>
         <size>0x5b</size>
         <input_file_ref idref="fl-2"/>
      </object_component>
      <object_component id="oc-209">
         <name>.debug_line</name>
         <load_address>0x1cc</load_address>
         <run_address>0x1cc</run_address>
         <size>0x58</size>
         <input_file_ref idref="fl-2"/>
      </object_component>
      <object_component id="oc-200">
         <name>.debug_line</name>
         <load_address>0x224</load_address>
         <run_address>0x224</run_address>
         <size>0x4c</size>
         <input_file_ref idref="fl-2"/>
      </object_component>
      <object_component id="oc-1fb">
         <name>.debug_line</name>
         <load_address>0x270</load_address>
         <run_address>0x270</run_address>
         <size>0x4c</size>
         <input_file_ref idref="fl-2"/>
      </object_component>
      <object_component id="oc-10d">
         <name>.debug_line</name>
         <load_address>0x2bc</load_address>
         <run_address>0x2bc</run_address>
         <size>0x20</size>
         <input_file_ref idref="fl-2"/>
      </object_component>
      <object_component id="oc-1e6">
         <name>.debug_line</name>
         <load_address>0x2dc</load_address>
         <run_address>0x2dc</run_address>
         <size>0x88</size>
         <input_file_ref idref="fl-3"/>
      </object_component>
      <object_component id="oc-221">
         <name>.debug_line</name>
         <load_address>0x364</load_address>
         <run_address>0x364</run_address>
         <size>0xd1</size>
         <input_file_ref idref="fl-4"/>
      </object_component>
      <object_component id="oc-225">
         <name>.debug_line</name>
         <load_address>0x435</load_address>
         <run_address>0x435</run_address>
         <size>0x33</size>
         <input_file_ref idref="fl-4"/>
      </object_component>
      <object_component id="oc-223">
         <name>.debug_line</name>
         <load_address>0x468</load_address>
         <run_address>0x468</run_address>
         <size>0x33</size>
         <input_file_ref idref="fl-4"/>
      </object_component>
      <object_component id="oc-1ee">
         <name>.debug_line</name>
         <load_address>0x49b</load_address>
         <run_address>0x49b</run_address>
         <size>0x4f</size>
         <input_file_ref idref="fl-4"/>
      </object_component>
      <object_component id="oc-195">
         <name>.debug_line</name>
         <load_address>0x4ea</load_address>
         <run_address>0x4ea</run_address>
         <size>0x61</size>
         <input_file_ref idref="fl-4"/>
      </object_component>
      <object_component id="oc-122">
         <name>.debug_line</name>
         <load_address>0x54b</load_address>
         <run_address>0x54b</run_address>
         <size>0x50</size>
         <input_file_ref idref="fl-4"/>
      </object_component>
      <object_component id="oc-1ab">
         <name>.debug_line</name>
         <load_address>0x59b</load_address>
         <run_address>0x59b</run_address>
         <size>0x49</size>
         <input_file_ref idref="fl-4"/>
      </object_component>
      <object_component id="oc-2a9">
         <name>.debug_line</name>
         <load_address>0x5e4</load_address>
         <run_address>0x5e4</run_address>
         <size>0x51</size>
         <input_file_ref idref="fl-4"/>
      </object_component>
      <object_component id="oc-286">
         <name>.debug_line</name>
         <load_address>0x635</load_address>
         <run_address>0x635</run_address>
         <size>0x4a</size>
         <input_file_ref idref="fl-4"/>
      </object_component>
      <object_component id="oc-28c">
         <name>.debug_line</name>
         <load_address>0x67f</load_address>
         <run_address>0x67f</run_address>
         <size>0x4f</size>
         <input_file_ref idref="fl-4"/>
      </object_component>
      <object_component id="oc-128">
         <name>.debug_line</name>
         <load_address>0x6ce</load_address>
         <run_address>0x6ce</run_address>
         <size>0x49</size>
         <input_file_ref idref="fl-4"/>
      </object_component>
      <object_component id="oc-27f">
         <name>.debug_line</name>
         <load_address>0x717</load_address>
         <run_address>0x717</run_address>
         <size>0x4a</size>
         <input_file_ref idref="fl-4"/>
      </object_component>
      <object_component id="oc-1f4">
         <name>.debug_line</name>
         <load_address>0x761</load_address>
         <run_address>0x761</run_address>
         <size>0x4a</size>
         <input_file_ref idref="fl-4"/>
      </object_component>
      <object_component id="oc-134">
         <name>.debug_line</name>
         <load_address>0x7ab</load_address>
         <run_address>0x7ab</run_address>
         <size>0x57</size>
         <input_file_ref idref="fl-4"/>
      </object_component>
      <object_component id="oc-12e">
         <name>.debug_line</name>
         <load_address>0x802</load_address>
         <run_address>0x802</run_address>
         <size>0x77</size>
         <input_file_ref idref="fl-4"/>
      </object_component>
      <object_component id="oc-26d">
         <name>.debug_line</name>
         <load_address>0x879</load_address>
         <run_address>0x879</run_address>
         <size>0x5b</size>
         <input_file_ref idref="fl-4"/>
      </object_component>
      <object_component id="oc-2d4">
         <name>.debug_line</name>
         <load_address>0x8d4</load_address>
         <run_address>0x8d4</run_address>
         <size>0x5f</size>
         <input_file_ref idref="fl-4"/>
      </object_component>
      <object_component id="oc-2a0">
         <name>.debug_line</name>
         <load_address>0x933</load_address>
         <run_address>0x933</run_address>
         <size>0x4f</size>
         <input_file_ref idref="fl-4"/>
      </object_component>
      <object_component id="oc-1ec">
         <name>.debug_line</name>
         <load_address>0x982</load_address>
         <run_address>0x982</run_address>
         <size>0x68</size>
         <input_file_ref idref="fl-4"/>
      </object_component>
      <object_component id="oc-26b">
         <name>.debug_line</name>
         <load_address>0x9ea</load_address>
         <run_address>0x9ea</run_address>
         <size>0x52</size>
         <input_file_ref idref="fl-4"/>
      </object_component>
      <object_component id="oc-25e">
         <name>.debug_line</name>
         <load_address>0xa3c</load_address>
         <run_address>0xa3c</run_address>
         <size>0x52</size>
         <input_file_ref idref="fl-4"/>
      </object_component>
      <object_component id="oc-265">
         <name>.debug_line</name>
         <load_address>0xa8e</load_address>
         <run_address>0xa8e</run_address>
         <size>0x4c</size>
         <input_file_ref idref="fl-4"/>
      </object_component>
      <object_component id="oc-296">
         <name>.debug_line</name>
         <load_address>0xada</load_address>
         <run_address>0xada</run_address>
         <size>0x67</size>
         <input_file_ref idref="fl-4"/>
      </object_component>
      <object_component id="oc-1b9">
         <name>.debug_line</name>
         <load_address>0xb41</load_address>
         <run_address>0xb41</run_address>
         <size>0x5e</size>
         <input_file_ref idref="fl-4"/>
      </object_component>
      <object_component id="oc-277">
         <name>.debug_line</name>
         <load_address>0xb9f</load_address>
         <run_address>0xb9f</run_address>
         <size>0x4d</size>
         <input_file_ref idref="fl-4"/>
      </object_component>
      <object_component id="oc-13d">
         <name>.debug_line</name>
         <load_address>0xbec</load_address>
         <run_address>0xbec</run_address>
         <size>0x4a</size>
         <input_file_ref idref="fl-4"/>
      </object_component>
      <object_component id="oc-228">
         <name>.debug_line</name>
         <load_address>0xc36</load_address>
         <run_address>0xc36</run_address>
         <size>0xd7</size>
         <input_file_ref idref="fl-5"/>
      </object_component>
      <object_component id="oc-21f">
         <name>.debug_line</name>
         <load_address>0xd0d</load_address>
         <run_address>0xd0d</run_address>
         <size>0x34</size>
         <input_file_ref idref="fl-5"/>
      </object_component>
      <object_component id="oc-16a">
         <name>.debug_line</name>
         <load_address>0xd41</load_address>
         <run_address>0xd41</run_address>
         <size>0x84</size>
         <input_file_ref idref="fl-5"/>
      </object_component>
      <object_component id="oc-17b">
         <name>.debug_line</name>
         <load_address>0xdc5</load_address>
         <run_address>0xdc5</run_address>
         <size>0x2a</size>
         <input_file_ref idref="fl-20"/>
      </object_component>
      <object_component id="oc-6c">
         <name>.debug_line</name>
         <load_address>0xdef</load_address>
         <run_address>0xdef</run_address>
         <size>0x4c</size>
         <input_file_ref idref="fl-21"/>
      </object_component>
      <object_component id="oc-21a">
         <name>.debug_line</name>
         <load_address>0xe3b</load_address>
         <run_address>0xe3b</run_address>
         <size>0x20</size>
         <input_file_ref idref="fl-22"/>
      </object_component>
      <object_component id="oc-35">
         <name>.debug_line</name>
         <load_address>0xe5b</load_address>
         <run_address>0xe5b</run_address>
         <size>0x92</size>
         <input_file_ref idref="fl-22"/>
      </object_component>
      <object_component id="oc-108">
         <name>.debug_line</name>
         <load_address>0xeed</load_address>
         <run_address>0xeed</run_address>
         <size>0x3a</size>
         <input_file_ref idref="fl-22"/>
      </object_component>
      <object_component id="oc-182">
         <name>.debug_line</name>
         <load_address>0xf27</load_address>
         <run_address>0xf27</run_address>
         <size>0x8a</size>
         <input_file_ref idref="fl-22"/>
      </object_component>
      <object_component id="oc-192">
         <name>.debug_line</name>
         <load_address>0xfb1</load_address>
         <run_address>0xfb1</run_address>
         <size>0x8a</size>
         <input_file_ref idref="fl-23"/>
      </object_component>
      <object_component id="oc-3e">
         <name>.debug_line</name>
         <load_address>0x103b</load_address>
         <run_address>0x103b</run_address>
         <size>0x50</size>
         <input_file_ref idref="fl-23"/>
      </object_component>
      <object_component id="oc-119">
         <name>.debug_line</name>
         <load_address>0x108b</load_address>
         <run_address>0x108b</run_address>
         <size>0x3a</size>
         <input_file_ref idref="fl-23"/>
      </object_component>
      <object_component id="oc-18f">
         <name>.debug_line</name>
         <load_address>0x10c5</load_address>
         <run_address>0x10c5</run_address>
         <size>0x8a</size>
         <input_file_ref idref="fl-23"/>
      </object_component>
      <object_component id="oc-1bd">
         <name>.debug_line</name>
         <load_address>0x114f</load_address>
         <run_address>0x114f</run_address>
         <size>0x20</size>
         <input_file_ref idref="fl-24"/>
      </object_component>
      <object_component id="oc-50">
         <name>.debug_line</name>
         <load_address>0x116f</load_address>
         <run_address>0x116f</run_address>
         <size>0x4d</size>
         <input_file_ref idref="fl-24"/>
      </object_component>
      <object_component id="oc-143">
         <name>.debug_line</name>
         <load_address>0x11bc</load_address>
         <run_address>0x11bc</run_address>
         <size>0x34</size>
         <input_file_ref idref="fl-24"/>
      </object_component>
      <object_component id="oc-18a">
         <name>.debug_line</name>
         <load_address>0x11f0</load_address>
         <run_address>0x11f0</run_address>
         <size>0x8a</size>
         <input_file_ref idref="fl-24"/>
      </object_component>
      <object_component id="oc-2cf">
         <name>.debug_line</name>
         <load_address>0x127a</load_address>
         <run_address>0x127a</run_address>
         <size>0x43</size>
         <input_file_ref idref="fl-25"/>
      </object_component>
      <object_component id="oc-2c7">
         <name>.debug_line</name>
         <load_address>0x12bd</load_address>
         <run_address>0x12bd</run_address>
         <size>0x5a</size>
         <input_file_ref idref="fl-26"/>
      </object_component>
      <object_component id="oc-2e1">
         <name>.debug_line</name>
         <load_address>0x1317</load_address>
         <run_address>0x1317</run_address>
         <size>0x64</size>
         <input_file_ref idref="fl-27"/>
      </object_component>
      <object_component id="oc-100">
         <name>.debug_line</name>
         <load_address>0x137b</load_address>
         <run_address>0x137b</run_address>
         <size>0x40</size>
         <input_file_ref idref="fl-28"/>
      </object_component>
      <object_component id="oc-172">
         <name>.debug_line</name>
         <load_address>0x13bb</load_address>
         <run_address>0x13bb</run_address>
         <size>0x3d</size>
         <input_file_ref idref="fl-29"/>
      </object_component>
      <object_component id="oc-11d">
         <name>.debug_line</name>
         <load_address>0x13f8</load_address>
         <run_address>0x13f8</run_address>
         <size>0x3d</size>
         <input_file_ref idref="fl-33"/>
      </object_component>
      <object_component id="oc-f7">
         <name>.debug_line</name>
         <load_address>0x1435</load_address>
         <run_address>0x1435</run_address>
         <size>0x4e</size>
         <input_file_ref idref="fl-34"/>
      </object_component>
      <object_component id="oc-fb">
         <name>.debug_line</name>
         <load_address>0x1483</load_address>
         <run_address>0x1483</run_address>
         <size>0x5e</size>
         <input_file_ref idref="fl-35"/>
      </object_component>
      <object_component id="oc-21c">
         <name>.debug_line</name>
         <load_address>0x14e1</load_address>
         <run_address>0x14e1</run_address>
         <size>0x20</size>
         <input_file_ref idref="fl-36"/>
      </object_component>
      <object_component id="oc-114">
         <name>.debug_line</name>
         <load_address>0x1501</load_address>
         <run_address>0x1501</run_address>
         <size>0x45</size>
         <input_file_ref idref="fl-36"/>
      </object_component>
      <object_component id="oc-2e5">
         <name>.debug_line</name>
         <load_address>0x1546</load_address>
         <run_address>0x1546</run_address>
         <size>0x20</size>
         <input_file_ref idref="fl-37"/>
      </object_component>
      <object_component id="oc-29c">
         <name>.debug_line</name>
         <load_address>0x1566</load_address>
         <run_address>0x1566</run_address>
         <size>0xa6</size>
         <input_file_ref idref="fl-37"/>
      </object_component>
      <object_component id="oc-22d">
         <name>.debug_line</name>
         <load_address>0x160c</load_address>
         <run_address>0x160c</run_address>
         <size>0x42</size>
         <input_file_ref idref="fl-39"/>
      </object_component>
      <object_component id="oc-14b">
         <name>.debug_line</name>
         <load_address>0x164e</load_address>
         <run_address>0x164e</run_address>
         <size>0x3e</size>
         <input_file_ref idref="fl-3a"/>
      </object_component>
      <object_component id="oc-233">
         <name>.debug_line</name>
         <load_address>0x168c</load_address>
         <run_address>0x168c</run_address>
         <size>0xa9</size>
         <input_file_ref idref="fl-3d"/>
      </object_component>
      <object_component id="oc-151">
         <name>.debug_line</name>
         <load_address>0x1735</load_address>
         <run_address>0x1735</run_address>
         <size>0x91</size>
         <input_file_ref idref="fl-3d"/>
      </object_component>
      <object_component id="oc-237">
         <name>.debug_line</name>
         <load_address>0x17c6</load_address>
         <run_address>0x17c6</run_address>
         <size>0x2e</size>
         <input_file_ref idref="fl-3d"/>
      </object_component>
      <object_component id="oc-23c">
         <name>.debug_line</name>
         <load_address>0x17f4</load_address>
         <run_address>0x17f4</run_address>
         <size>0x8b</size>
         <input_file_ref idref="fl-3d"/>
      </object_component>
      <object_component id="oc-2b1">
         <name>.debug_line</name>
         <load_address>0x187f</load_address>
         <run_address>0x187f</run_address>
         <size>0x98</size>
         <input_file_ref idref="fl-3e"/>
      </object_component>
      <object_component id="oc-1c0">
         <name>.debug_line</name>
         <load_address>0x1917</load_address>
         <run_address>0x1917</run_address>
         <size>0x5f</size>
         <input_file_ref idref="fl-3e"/>
      </object_component>
      <object_component id="oc-2b5">
         <name>.debug_line</name>
         <load_address>0x1976</load_address>
         <run_address>0x1976</run_address>
         <size>0x2e</size>
         <input_file_ref idref="fl-3e"/>
      </object_component>
      <object_component id="oc-1c9">
         <name>.debug_line</name>
         <load_address>0x19a4</load_address>
         <run_address>0x19a4</run_address>
         <size>0x3a</size>
         <input_file_ref idref="fl-3f"/>
      </object_component>
      <object_component id="oc-216">
         <name>.debug_frame</name>
         <load_address>0x0</load_address>
         <run_address>0x0</run_address>
         <size>0x44</size>
         <input_file_ref idref="fl-2"/>
      </object_component>
      <object_component id="oc-210">
         <name>.debug_frame</name>
         <load_address>0x44</load_address>
         <run_address>0x44</run_address>
         <size>0x48</size>
         <input_file_ref idref="fl-2"/>
      </object_component>
      <object_component id="oc-20a">
         <name>.debug_frame</name>
         <load_address>0x8c</load_address>
         <run_address>0x8c</run_address>
         <size>0x48</size>
         <input_file_ref idref="fl-2"/>
      </object_component>
      <object_component id="oc-204">
         <name>.debug_frame</name>
         <load_address>0xd4</load_address>
         <run_address>0xd4</run_address>
         <size>0x3c</size>
         <input_file_ref idref="fl-2"/>
      </object_component>
      <object_component id="oc-1fa">
         <name>.debug_frame</name>
         <load_address>0x110</load_address>
         <run_address>0x110</run_address>
         <size>0x3c</size>
         <input_file_ref idref="fl-2"/>
      </object_component>
      <object_component id="oc-1e2">
         <name>.debug_frame</name>
         <load_address>0x14c</load_address>
         <run_address>0x14c</run_address>
         <size>0x3c</size>
         <input_file_ref idref="fl-3"/>
      </object_component>
      <object_component id="oc-1f2">
         <name>.debug_frame</name>
         <load_address>0x188</load_address>
         <run_address>0x188</run_address>
         <size>0x3c</size>
         <input_file_ref idref="fl-4"/>
      </object_component>
      <object_component id="oc-199">
         <name>.debug_frame</name>
         <load_address>0x1c4</load_address>
         <run_address>0x1c4</run_address>
         <size>0x40</size>
         <input_file_ref idref="fl-4"/>
      </object_component>
      <object_component id="oc-126">
         <name>.debug_frame</name>
         <load_address>0x204</load_address>
         <run_address>0x204</run_address>
         <size>0x64</size>
         <input_file_ref idref="fl-4"/>
      </object_component>
      <object_component id="oc-1af">
         <name>.debug_frame</name>
         <load_address>0x268</load_address>
         <run_address>0x268</run_address>
         <size>0x3c</size>
         <input_file_ref idref="fl-4"/>
      </object_component>
      <object_component id="oc-2ad">
         <name>.debug_frame</name>
         <load_address>0x2a4</load_address>
         <run_address>0x2a4</run_address>
         <size>0x3c</size>
         <input_file_ref idref="fl-4"/>
      </object_component>
      <object_component id="oc-28a">
         <name>.debug_frame</name>
         <load_address>0x2e0</load_address>
         <run_address>0x2e0</run_address>
         <size>0x3c</size>
         <input_file_ref idref="fl-4"/>
      </object_component>
      <object_component id="oc-290">
         <name>.debug_frame</name>
         <load_address>0x31c</load_address>
         <run_address>0x31c</run_address>
         <size>0x3c</size>
         <input_file_ref idref="fl-4"/>
      </object_component>
      <object_component id="oc-12c">
         <name>.debug_frame</name>
         <load_address>0x358</load_address>
         <run_address>0x358</run_address>
         <size>0x3c</size>
         <input_file_ref idref="fl-4"/>
      </object_component>
      <object_component id="oc-283">
         <name>.debug_frame</name>
         <load_address>0x394</load_address>
         <run_address>0x394</run_address>
         <size>0x3c</size>
         <input_file_ref idref="fl-4"/>
      </object_component>
      <object_component id="oc-1f8">
         <name>.debug_frame</name>
         <load_address>0x3d0</load_address>
         <run_address>0x3d0</run_address>
         <size>0x3c</size>
         <input_file_ref idref="fl-4"/>
      </object_component>
      <object_component id="oc-138">
         <name>.debug_frame</name>
         <load_address>0x40c</load_address>
         <run_address>0x40c</run_address>
         <size>0x64</size>
         <input_file_ref idref="fl-4"/>
      </object_component>
      <object_component id="oc-132">
         <name>.debug_frame</name>
         <load_address>0x470</load_address>
         <run_address>0x470</run_address>
         <size>0x4c</size>
         <input_file_ref idref="fl-4"/>
      </object_component>
      <object_component id="oc-271">
         <name>.debug_frame</name>
         <load_address>0x4bc</load_address>
         <run_address>0x4bc</run_address>
         <size>0x44</size>
         <input_file_ref idref="fl-4"/>
      </object_component>
      <object_component id="oc-2d8">
         <name>.debug_frame</name>
         <load_address>0x500</load_address>
         <run_address>0x500</run_address>
         <size>0x44</size>
         <input_file_ref idref="fl-4"/>
      </object_component>
      <object_component id="oc-2a4">
         <name>.debug_frame</name>
         <load_address>0x544</load_address>
         <run_address>0x544</run_address>
         <size>0x44</size>
         <input_file_ref idref="fl-4"/>
      </object_component>
      <object_component id="oc-1eb">
         <name>.debug_frame</name>
         <load_address>0x588</load_address>
         <run_address>0x588</run_address>
         <size>0x44</size>
         <input_file_ref idref="fl-4"/>
      </object_component>
      <object_component id="oc-26a">
         <name>.debug_frame</name>
         <load_address>0x5cc</load_address>
         <run_address>0x5cc</run_address>
         <size>0x3c</size>
         <input_file_ref idref="fl-4"/>
      </object_component>
      <object_component id="oc-25f">
         <name>.debug_frame</name>
         <load_address>0x608</load_address>
         <run_address>0x608</run_address>
         <size>0x3c</size>
         <input_file_ref idref="fl-4"/>
      </object_component>
      <object_component id="oc-264">
         <name>.debug_frame</name>
         <load_address>0x644</load_address>
         <run_address>0x644</run_address>
         <size>0x3c</size>
         <input_file_ref idref="fl-4"/>
      </object_component>
      <object_component id="oc-295">
         <name>.debug_frame</name>
         <load_address>0x680</load_address>
         <run_address>0x680</run_address>
         <size>0x54</size>
         <input_file_ref idref="fl-4"/>
      </object_component>
      <object_component id="oc-1b8">
         <name>.debug_frame</name>
         <load_address>0x6d4</load_address>
         <run_address>0x6d4</run_address>
         <size>0x44</size>
         <input_file_ref idref="fl-4"/>
      </object_component>
      <object_component id="oc-278">
         <name>.debug_frame</name>
         <load_address>0x718</load_address>
         <run_address>0x718</run_address>
         <size>0x3c</size>
         <input_file_ref idref="fl-4"/>
      </object_component>
      <object_component id="oc-13e">
         <name>.debug_frame</name>
         <load_address>0x754</load_address>
         <run_address>0x754</run_address>
         <size>0x3c</size>
         <input_file_ref idref="fl-4"/>
      </object_component>
      <object_component id="oc-16b">
         <name>.debug_frame</name>
         <load_address>0x790</load_address>
         <run_address>0x790</run_address>
         <size>0x40</size>
         <input_file_ref idref="fl-5"/>
      </object_component>
      <object_component id="oc-6d">
         <name>.debug_frame</name>
         <load_address>0x7d0</load_address>
         <run_address>0x7d0</run_address>
         <size>0x34</size>
         <input_file_ref idref="fl-21"/>
      </object_component>
      <object_component id="oc-39">
         <name>.debug_frame</name>
         <load_address>0x804</load_address>
         <run_address>0x804</run_address>
         <size>0x48</size>
         <input_file_ref idref="fl-22"/>
      </object_component>
      <object_component id="oc-3f">
         <name>.debug_frame</name>
         <load_address>0x84c</load_address>
         <run_address>0x84c</run_address>
         <size>0x3c</size>
         <input_file_ref idref="fl-23"/>
      </object_component>
      <object_component id="oc-4f">
         <name>.debug_frame</name>
         <load_address>0x888</load_address>
         <run_address>0x888</run_address>
         <size>0x3c</size>
         <input_file_ref idref="fl-24"/>
      </object_component>
      <object_component id="oc-173">
         <name>.debug_frame</name>
         <load_address>0x8c4</load_address>
         <run_address>0x8c4</run_address>
         <size>0x3c</size>
         <input_file_ref idref="fl-29"/>
      </object_component>
      <object_component id="oc-110">
         <name>.debug_frame</name>
         <load_address>0x900</load_address>
         <run_address>0x900</run_address>
         <size>0x3c</size>
         <input_file_ref idref="fl-36"/>
      </object_component>
      <object_component id="oc-29d">
         <name>.debug_frame</name>
         <load_address>0x93c</load_address>
         <run_address>0x93c</run_address>
         <size>0x3c</size>
         <input_file_ref idref="fl-37"/>
      </object_component>
      <object_component id="oc-147">
         <name>.debug_frame</name>
         <load_address>0x978</load_address>
         <run_address>0x978</run_address>
         <size>0x3c</size>
         <input_file_ref idref="fl-3a"/>
      </object_component>
      <object_component id="oc-150">
         <name>.debug_frame</name>
         <load_address>0x9b4</load_address>
         <run_address>0x9b4</run_address>
         <size>0x44</size>
         <input_file_ref idref="fl-3d"/>
      </object_component>
      <object_component id="oc-1c4">
         <name>.debug_frame</name>
         <load_address>0x9f8</load_address>
         <run_address>0x9f8</run_address>
         <size>0x44</size>
         <input_file_ref idref="fl-3e"/>
      </object_component>
      <object_component id="oc-1ca">
         <name>.debug_frame</name>
         <load_address>0xa3c</load_address>
         <run_address>0xa3c</run_address>
         <size>0x3c</size>
         <input_file_ref idref="fl-3f"/>
      </object_component>
      <object_component id="oc-2da">
         <name>.debug_abbrev</name>
         <load_address>0x0</load_address>
         <run_address>0x0</run_address>
         <size>0xeb</size>
         <input_file_ref idref="fl-2"/>
      </object_component>
      <object_component id="oc-2c1">
         <name>.debug_abbrev</name>
         <load_address>0xeb</load_address>
         <run_address>0xeb</run_address>
         <size>0x29</size>
         <input_file_ref idref="fl-2"/>
      </object_component>
      <object_component id="oc-2ae">
         <name>.debug_abbrev</name>
         <load_address>0x114</load_address>
         <run_address>0x114</run_address>
         <size>0x7a</size>
         <input_file_ref idref="fl-2"/>
      </object_component>
      <object_component id="oc-2a7">
         <name>.debug_abbrev</name>
         <load_address>0x18e</load_address>
         <run_address>0x18e</run_address>
         <size>0x7a</size>
         <input_file_ref idref="fl-2"/>
      </object_component>
      <object_component id="oc-2a5">
         <name>.debug_abbrev</name>
         <load_address>0x208</load_address>
         <run_address>0x208</run_address>
         <size>0x7a</size>
         <input_file_ref idref="fl-2"/>
      </object_component>
      <object_component id="oc-297">
         <name>.debug_abbrev</name>
         <load_address>0x282</load_address>
         <run_address>0x282</run_address>
         <size>0x5e</size>
         <input_file_ref idref="fl-2"/>
      </object_component>
      <object_component id="oc-284">
         <name>.debug_abbrev</name>
         <load_address>0x2e0</load_address>
         <run_address>0x2e0</run_address>
         <size>0x5e</size>
         <input_file_ref idref="fl-2"/>
      </object_component>
      <object_component id="oc-10c">
         <name>.debug_abbrev</name>
         <load_address>0x33e</load_address>
         <run_address>0x33e</run_address>
         <size>0x1f</size>
         <input_file_ref idref="fl-2"/>
      </object_component>
      <object_component id="oc-259">
         <name>.debug_abbrev</name>
         <load_address>0x35d</load_address>
         <run_address>0x35d</run_address>
         <size>0x50</size>
         <input_file_ref idref="fl-3"/>
      </object_component>
      <object_component id="oc-220">
         <name>.debug_abbrev</name>
         <load_address>0x3ad</load_address>
         <run_address>0x3ad</run_address>
         <size>0x107</size>
         <input_file_ref idref="fl-4"/>
      </object_component>
      <object_component id="oc-224">
         <name>.debug_abbrev</name>
         <load_address>0x4b4</load_address>
         <run_address>0x4b4</run_address>
         <size>0x29</size>
         <input_file_ref idref="fl-4"/>
      </object_component>
      <object_component id="oc-222">
         <name>.debug_abbrev</name>
         <load_address>0x4dd</load_address>
         <run_address>0x4dd</run_address>
         <size>0x29</size>
         <input_file_ref idref="fl-4"/>
      </object_component>
      <object_component id="oc-27c">
         <name>.debug_abbrev</name>
         <load_address>0x506</load_address>
         <run_address>0x506</run_address>
         <size>0x5e</size>
         <input_file_ref idref="fl-4"/>
      </object_component>
      <object_component id="oc-21d">
         <name>.debug_abbrev</name>
         <load_address>0x564</load_address>
         <run_address>0x564</run_address>
         <size>0x6c</size>
         <input_file_ref idref="fl-4"/>
      </object_component>
      <object_component id="oc-19d">
         <name>.debug_abbrev</name>
         <load_address>0x5d0</load_address>
         <run_address>0x5d0</run_address>
         <size>0x61</size>
         <input_file_ref idref="fl-4"/>
      </object_component>
      <object_component id="oc-226">
         <name>.debug_abbrev</name>
[...]
         <name>__STACK_SIZE</name>
         <value>0x50</value>
      </symbol>
      <symbol id="sm-68">
         <name>__STACK_END</name>
         <value>0x400</value>
      </symbol>
      <symbol id="sm-69">
         <name>__c_args__</name>
         <value>0xffffffff</value>
      </symbol>
      <symbol id="sm-6a">
         <name>__TI_pprof_out_hndl</name>
         <value>0xffffffff</value>
      </symbol>
      <symbol id="sm-6b">
         <name>__TI_prof_data_start</name>
         <value>0xffffffff</value>
      </symbol>
      <symbol id="sm-6c">
         <name>__TI_prof_data_size</name>
         <value>0xffffffff</value>
      </symbol>
      <symbol id="sm-d4">
         <name>Out_to_RGB</name>
         <value>0x220</value>
         <object_component_ref idref="oc-279"/>
      </symbol>
      <symbol id="sm-d5">
         <name>RGBBlink</name>
         <value>0xc7c6</value>
         <object_component_ref idref="oc-211"/>
      </symbol>
      <symbol id="sm-d6">
         <name>SM_Counter</name>
         <value>0x21e</value>
         <object_component_ref idref="oc-279"/>
      </symbol>
      <symbol id="sm-d7">
         <name>Potentiometer</name>
         <value>0xc806</value>
         <object_component_ref idref="oc-1ff"/>
      </symbol>
      <symbol id="sm-d8">
         <name>clear_and_initialize</name>
         <value>0xc890</value>
         <object_component_ref idref="oc-1f9"/>
      </symbol>
      <symbol id="sm-d9">
         <name>DownCounter</name>
         <value>0xc418</value>
         <object_component_ref idref="oc-205"/>
      </symbol>
      <symbol id="sm-da">
         <name>UpCounter</name>
         <value>0xc4cc</value>
         <object_component_ref idref="oc-20b"/>
      </symbol>
      <symbol id="sm-e5">
         <name>InitGPIO</name>
         <value>0xc258</value>
         <object_component_ref idref="oc-1e1"/>
      </symbol>
      <symbol id="sm-1bb">
         <name>POT</name>
         <value>0x22c</value>
      </symbol>
      <symbol id="sm-1bc">
         <name>i</name>
         <value>0x232</value>
      </symbol>
      <symbol id="sm-1bd">
         <name>j</name>
         <value>0x234</value>
      </symbol>
      <symbol id="sm-1be">
         <name>USCI0RX_ISR</name>
         <value>0xc3ae</value>
         <object_component_ref idref="oc-133"/>
      </symbol>
      <symbol id="sm-1bf">
         <name>USCI0TX_ISR</name>
         <value>0xc0b4</value>
         <object_component_ref idref="oc-12d"/>
      </symbol>
      <symbol id="sm-1c0">
         <name>move_forward</name>
         <value>0xc77a</value>
         <object_component_ref idref="oc-1ed"/>
      </symbol>
      <symbol id="sm-1c1">
         <name>blink_RGB</name>
         <value>0xc7e6</value>
         <object_component_ref idref="oc-2a8"/>
      </symbol>
      <symbol id="sm-1c2">
         <name>ADC10_ISR</name>
         <value>0xc966</value>
         <object_component_ref idref="oc-127"/>
      </symbol>
      <symbol id="sm-1c3">
         <name>DelayMs</name>
         <value>0xc87c</value>
         <object_component_ref idref="oc-25a"/>
      </symbol>
      <symbol id="sm-1c4">
         <name>clear_RGB</name>
         <value>0xc976</value>
         <object_component_ref idref="oc-1aa"/>
      </symbol>
      <symbol id="sm-1c5">
         <name>lcd_strobe</name>
         <value>0xc8f2</value>
         <object_component_ref idref="oc-260"/>
      </symbol>
      <symbol id="sm-1c6">
         <name>__TI_int09</name>
         <value>0xfff2</value>
         <object_component_ref idref="oc-47"/>
      </symbol>
      <symbol id="sm-1c7">
         <name>__TI_int06</name>
         <value>0xffec</value>
         <object_component_ref idref="oc-44"/>
      </symbol>
      <symbol id="sm-1c8">
         <name>__TI_int07</name>
         <value>0xffee</value>
         <object_component_ref idref="oc-45"/>
      </symbol>
      <symbol id="sm-1c9">
         <name>__TI_int05</name>
         <value>0xffea</value>
         <object_component_ref idref="oc-43"/>
      </symbol>
      <symbol id="sm-1ca">
         <name>__TI_int02</name>
         <value>0xffe4</value>
         <object_component_ref idref="oc-41"/>
      </symbol>
      <symbol id="sm-1cb">
         <name>int2str</name>
         <value>0xc2ce</value>
         <object_component_ref idref="oc-291"/>
      </symbol>
      <symbol id="sm-1cc">
         <name>SC_from_POT</name>
         <value>0xc7a2</value>
         <object_component_ref idref="oc-28b"/>
      </symbol>
      <symbol id="sm-1cd">
         <name>_buttonDebounceDelay</name>
         <value>0xc6a4</value>
         <object_component_ref idref="oc-194"/>
      </symbol>
      <symbol id="sm-1ce">
         <name>adc10_config</name>
         <value>0xc950</value>
         <object_component_ref idref="oc-285"/>
      </symbol>
      <symbol id="sm-1cf">
         <name>PORT1_ISR</name>
         <value>0xc71c</value>
         <object_component_ref idref="oc-121"/>
      </symbol>
      <symbol id="sm-1d0">
         <name>str2int</name>
         <value>0xc61c</value>
         <object_component_ref idref="oc-1b4"/>
      </symbol>
      <symbol id="sm-1d1">
         <name>MENU</name>
         <value>0xc98a</value>
         <object_component_ref idref="oc-1a5"/>
      </symbol>
      <symbol id="sm-1d2">
         <name>REAL_Str</name>
         <value>0x200</value>
         <object_component_ref idref="oc-1a2"/>
      </symbol>
      <symbol id="sm-1d3">
         <name>lcd_data</name>
         <value>0xc57c</value>
         <object_component_ref idref="oc-2d3"/>
      </symbol>
      <symbol id="sm-1d4">
         <name>lcd_cmd</name>
         <value>0xc6e0</value>
         <object_component_ref idref="oc-26c"/>
      </symbol>
      <symbol id="sm-1d5">
         <name>enable_transmition</name>
         <value>0xc95c</value>
         <object_component_ref idref="oc-1f3"/>
      </symbol>
      <symbol id="sm-1d6">
         <name>delay_ms</name>
         <value>0xc83a</value>
         <object_component_ref idref="oc-273"/>
      </symbol>
      <symbol id="sm-1d7">
         <name>lcd_init</name>
         <value>0xc000</value>
         <object_component_ref idref="oc-1e7"/>
      </symbol>
      <symbol id="sm-1d8">
         <name>clearing</name>
         <value>0xc942</value>
         <object_component_ref idref="oc-27e"/>
      </symbol>
      <symbol id="sm-1d9">
         <name>Timer_A</name>
         <value>0xc934</value>
         <object_component_ref idref="oc-139"/>
      </symbol>
      <symbol id="sm-1da">
         <name>lcd_puts</name>
         <value>0xc850</value>
         <object_component_ref idref="oc-29f"/>
      </symbol>
      <symbol id="sm-1db">
         <name>DelayUs</name>
         <value>0xc926</value>
         <object_component_ref idref="oc-266"/>
      </symbol>
      <symbol id="sm-1fa">
         <name>X</name>
         <value>0x222</value>
      </symbol>
      <symbol id="sm-1fb">
         <name>StepperDelay</name>
         <value>0x21c</value>
         <object_component_ref idref="oc-19a"/>
      </symbol>
      <symbol id="sm-1fc">
         <name>state</name>
         <value>0x210</value>
         <object_component_ref idref="oc-19a"/>
      </symbol>
      <symbol id="sm-1fd">
         <name>sum_up_value</name>
         <value>0x214</value>
         <object_component_ref idref="oc-19a"/>
      </symbol>
      <symbol id="sm-1fe">
         <name>x</name>
         <value>0x212</value>
         <object_component_ref idref="oc-19a"/>
      </symbol>
      <symbol id="sm-1ff">
         <name>main</name>
         <value>0xc15a</value>
         <object_component_ref idref="oc-166"/>
      </symbol>
      <symbol id="sm-200">
         <name>SM_Half_Step</name>
         <value>0x21a</value>
         <object_component_ref idref="oc-19a"/>
      </symbol>
      <symbol id="sm-201">
         <name>sum_down_value</name>
         <value>0x216</value>
         <object_component_ref idref="oc-19a"/>
      </symbol>
      <symbol id="sm-202">
         <name>SM_Step</name>
         <value>0x218</value>
         <object_component_ref idref="oc-19a"/>
      </symbol>
      <symbol id="sm-20a">
         <name>_stack</name>
         <value>0x3b0</value>
         <object_component_ref idref="oc-f1"/>
      </symbol>
      <symbol id="sm-20b">
         <name>_reset_vector</name>
         <value>0xfffe</value>
         <object_component_ref idref="oc-f4"/>
      </symbol>
      <symbol id="sm-215">
         <name>_c_int00_noargs_noexit</name>
         <value>0xc820</value>
         <object_component_ref idref="oc-6b"/>
      </symbol>
      <symbol id="sm-233">
         <name>__TI_decompress_lzss</name>
         <value>0xc1dc</value>
         <object_component_ref idref="oc-34"/>
      </symbol>
      <symbol id="sm-249">
         <name>__TI_decompress_none</name>
         <value>0xc8e0</value>
         <object_component_ref idref="oc-3a"/>
      </symbol>
      <symbol id="sm-261">
         <name>__TI_zero_init</name>
         <value>0xc8a4</value>
         <object_component_ref idref="oc-4d"/>
      </symbol>
      <symbol id="sm-26b">
         <name>__mspabi_remu</name>
         <value>0xc866</value>
         <object_component_ref idref="oc-2cb"/>
      </symbol>
      <symbol id="sm-26c">
         <name>__mspabi_divu</name>
         <value>0xc866</value>
         <object_component_ref idref="oc-2cb"/>
      </symbol>
      <symbol id="sm-278">
         <name>__mspabi_remli</name>
         <value>0xc664</value>
         <object_component_ref idref="oc-2c6"/>
      </symbol>
      <symbol id="sm-279">
         <name>__mspabi_divli</name>
         <value>0xc664</value>
         <object_component_ref idref="oc-2c6"/>
      </symbol>
      <symbol id="sm-287">
         <name>__mspabi_remul</name>
         <value>0xc524</value>
         <object_component_ref idref="oc-2dd"/>
      </symbol>
      <symbol id="sm-288">
         <name>__mspabi_divul</name>
         <value>0xc524</value>
         <object_component_ref idref="oc-2dd"/>
      </symbol>
      <symbol id="sm-291">
         <name>__mspabi_func_epilog_2</name>
         <value>0xc920</value>
         <object_component_ref idref="oc-ff"/>
      </symbol>
      <symbol id="sm-292">
         <name>__mspabi_func_epilog_3</name>
         <value>0xc91e</value>
         <object_component_ref idref="oc-ff"/>
      </symbol>
      <symbol id="sm-293">
         <name>__mspabi_func_epilog_1</name>
         <value>0xc922</value>
         <object_component_ref idref="oc-ff"/>
      </symbol>
      <symbol id="sm-294">
         <name>__mspabi_func_epilog_6</name>
         <value>0xc918</value>
         <object_component_ref idref="oc-ff"/>
      </symbol>
      <symbol id="sm-295">
         <name>__mspabi_func_epilog_7</name>
         <value>0xc916</value>
         <object_component_ref idref="oc-ff"/>
      </symbol>
      <symbol id="sm-296">
         <name>__mspabi_func_epilog_4</name>
         <value>0xc91c</value>
         <object_component_ref idref="oc-ff"/>
      </symbol>
      <symbol id="sm-297">
         <name>__mspabi_func_epilog_5</name>
         <value>0xc91a</value>
         <object_component_ref idref="oc-ff"/>
      </symbol>
      <symbol id="sm-2a1">
         <name>C$$EXIT</name>
         <value>0xc97e</value>
         <object_component_ref idref="oc-16e"/>
      </symbol>
      <symbol id="sm-2a2">
         <name>abort</name>
         <value>0xc97e</value>
         <object_component_ref idref="oc-16e"/>
      </symbol>
      <symbol id="sm-2a6">
         <name>__TI_int00</name>
         <value>0xffe0</value>
         <object_component_ref idref="oc-40"/>
      </symbol>
      <symbol id="sm-2a9">
         <name>__TI_int03</name>
         <value>0xffe6</value>
         <object_component_ref idref="oc-42"/>
      </symbol>
      <symbol id="sm-2ac">
         <name>__TI_int08</name>
         <value>0xfff0</value>
         <object_component_ref idref="oc-46"/>
      </symbol>
      <symbol id="sm-2af">
         <name>__TI_int10</name>
         <value>0xfff4</value>
         <object_component_ref idref="oc-48"/>
      </symbol>
      <symbol id="sm-2b2">
         <name>__TI_int11</name>
         <value>0xfff6</value>
         <object_component_ref idref="oc-49"/>
      </symbol>
      <symbol id="sm-2b5">
         <name>__TI_int12</name>
         <value>0xfff8</value>
         <object_component_ref idref="oc-4a"/>
      </symbol>
      <symbol id="sm-2b8">
         <name>__TI_int13</name>
         <value>0xfffa</value>
         <object_component_ref idref="oc-4b"/>
      </symbol>
      <symbol id="sm-2bb">
         <name>__TI_int14</name>
         <value>0xfffc</value>
         <object_component_ref idref="oc-4c"/>
      </symbol>
      <symbol id="sm-2c3">
         <name>__TI_ISR_TRAP</name>
         <value>0xc96e</value>
         <object_component_ref idref="oc-11c"/>
      </symbol>
      <symbol id="sm-2cb">
         <name>__mspabi_slli</name>
         <value>0xc74e</value>
         <object_component_ref idref="oc-f5"/>
      </symbol>
      <symbol id="sm-2cc">
         <name>__mspabi_slli_9</name>
         <value>0xc766</value>
         <object_component_ref idref="oc-f5"/>
      </symbol>
      <symbol id="sm-2cd">
         <name>__mspabi_slli_8</name>
         <value>0xc768</value>
         <object_component_ref idref="oc-f5"/>
      </symbol>
      <symbol id="sm-2ce">
         <name>__mspabi_slli_7</name>
         <value>0xc76a</value>
         <object_component_ref idref="oc-f5"/>
      </symbol>
      <symbol id="sm-2cf">
         <name>__mspabi_slli_6</name>
         <value>0xc76c</value>
         <object_component_ref idref="oc-f5"/>
      </symbol>
      <symbol id="sm-2d0">
         <name>__mspabi_slli_5</name>
         <value>0xc76e</value>
         <object_component_ref idref="oc-f5"/>
      </symbol>
      <symbol id="sm-2d1">
         <name>__mspabi_slli_4</name>
         <value>0xc770</value>
         <object_component_ref idref="oc-f5"/>
      </symbol>
      <symbol id="sm-2d2">
         <name>__mspabi_slli_3</name>
         <value>0xc772</value>
         <object_component_ref idref="oc-f5"/>
      </symbol>
      <symbol id="sm-2d3">
         <name>__mspabi_slli_2</name>
         <value>0xc774</value>
         <object_component_ref idref="oc-f5"/>
      </symbol>
      <symbol id="sm-2d4">
         <name>__mspabi_slli_1</name>
         <value>0xc776</value>
         <object_component_ref idref="oc-f5"/>
      </symbol>
      <symbol id="sm-2d5">
         <name>__mspabi_slli_15</name>
         <value>0xc75a</value>
         <object_component_ref idref="oc-f5"/>
      </symbol>
      <symbol id="sm-2d6">
         <name>__mspabi_slli_14</name>
         <value>0xc75c</value>
         <object_component_ref idref="oc-f5"/>
      </symbol>
      <symbol id="sm-2d7">
         <name>__mspabi_slli_13</name>
         <value>0xc75e</value>
         <object_component_ref idref="oc-f5"/>
      </symbol>
      <symbol id="sm-2d8">
         <name>__mspabi_slli_12</name>
         <value>0xc760</value>
         <object_component_ref idref="oc-f5"/>
      </symbol>
      <symbol id="sm-2d9">
         <name>__mspabi_slli_11</name>
         <value>0xc762</value>
         <object_component_ref idref="oc-f5"/>
      </symbol>
      <symbol id="sm-2da">
         <name>__mspabi_slli_10</name>
         <value>0xc764</value>
         <object_component_ref idref="oc-f5"/>
      </symbol>
      <symbol id="sm-2e2">
         <name>__mspabi_srli_8</name>
         <value>0xc5fa</value>
         <object_component_ref idref="oc-fa"/>
      </symbol>
      <symbol id="sm-2e3">
         <name>__mspabi_srli_9</name>
         <value>0xc5f6</value>
         <object_component_ref idref="oc-fa"/>
      </symbol>
      <symbol id="sm-2e4">
         <name>__mspabi_srli_6</name>
         <value>0xc602</value>
         <object_component_ref idref="oc-fa"/>
      </symbol>
      <symbol id="sm-2e5">
         <name>__mspabi_srli_7</name>
         <value>0xc5fe</value>
         <object_component_ref idref="oc-fa"/>
      </symbol>
      <symbol id="sm-2e6">
         <name>__mspabi_srli_4</name>
         <value>0xc60a</value>
         <object_component_ref idref="oc-fa"/>
      </symbol>
      <symbol id="sm-2e7">
         <name>__mspabi_srli_5</name>
         <value>0xc606</value>
         <object_component_ref idref="oc-fa"/>
      </symbol>
      <symbol id="sm-2e8">
         <name>__mspabi_srli_2</name>
         <value>0xc612</value>
         <object_component_ref idref="oc-fa"/>
      </symbol>
      <symbol id="sm-2e9">
         <name>__mspabi_srli_3</name>
         <value>0xc60e</value>
         <object_component_ref idref="oc-fa"/>
      </symbol>
      <symbol id="sm-2ea">
         <name>__mspabi_srli_1</name>
         <value>0xc616</value>
         <object_component_ref idref="oc-fa"/>
      </symbol>
      <symbol id="sm-2eb">
         <name>__mspabi_srli</name>
         <value>0xc5d0</value>
         <object_component_ref idref="oc-fa"/>
      </symbol>
      <symbol id="sm-2ec">
         <name>__mspabi_srli_15</name>
         <value>0xc5de</value>
         <object_component_ref idref="oc-fa"/>
      </symbol>
      <symbol id="sm-2ed">
         <name>__mspabi_srli_14</name>
         <value>0xc5e2</value>
         <object_component_ref idref="oc-fa"/>
      </symbol>
      <symbol id="sm-2ee">
         <name>__mspabi_srli_13</name>
         <value>0xc5e6</value>
         <object_component_ref idref="oc-fa"/>
      </symbol>
      <symbol id="sm-2ef">
         <name>__mspabi_srli_12</name>
         <value>0xc5ea</value>
         <object_component_ref idref="oc-fa"/>
      </symbol>
      <symbol id="sm-2f0">
         <name>__mspabi_srli_11</name>
         <value>0xc5ee</value>
         <object_component_ref idref="oc-fa"/>
      </symbol>
      <symbol id="sm-2f1">
         <name>__mspabi_srli_10</name>
         <value>0xc5f2</value>
         <object_component_ref idref="oc-fa"/>
      </symbol>
      <symbol id="sm-2ff">
         <name>memcpy</name>
         <value>0xc904</value>
         <object_component_ref idref="oc-10f"/>
      </symbol>
      <symbol id="sm-30d">
         <name>memset</name>
         <value>0xc8b8</value>
         <object_component_ref idref="oc-298"/>
      </symbol>
      <symbol id="sm-318">
         <name>__mspabi_mpyi_sw</name>
         <value>0xc8cc</value>
         <object_component_ref idref="oc-229"/>
      </symbol>
      <symbol id="sm-319">
         <name>__mspabi_mpyi</name>
         <value>0xc8cc</value>
         <object_component_ref idref="oc-229"/>
      </symbol>
      <symbol id="sm-322">
         <name>_system_pre_init</name>
         <value>0xc984</value>
         <object_component_ref idref="oc-146"/>
      </symbol>
      <symbol id="sm-340">
         <name>_auto_init</name>
         <value>0xc340</value>
         <object_component_ref idref="oc-14c"/>
      </symbol>
      <symbol id="sm-356">
         <name>copy_in</name>
         <value>0xc472</value>
         <object_component_ref idref="oc-1bf"/>
      </symbol>
      <symbol id="sm-35f">
         <name>_system_post_cinit</name>
         <value>0xc988</value>
         <object_component_ref idref="oc-1c5"/>
      </symbol>
      <symbol id="sm-362">
         <name>__TI_BINIT_Base</name>
         <value>0x0</value>
      </symbol>
      <symbol id="sm-363">
         <name>__TI_BINIT_Limit</name>
         <value>0x0</value>
      </symbol>
      <symbol id="sm-364">
         <name>__TI_INITARRAY_Base</name>
         <value>0x0</value>
      </symbol>
      <symbol id="sm-365">
         <name>__TI_INITARRAY_Limit</name>
         <value>0x0</value>
      </symbol>
      <symbol id="sm-366">
         <name>Transmit_menu</name>
         <value>0xc95c</value>
      </symbol>
      <symbol id="sm-367">
         <name>stepper_motor_calibration</name>
         <value>0xc77a</value>
      </symbol>
   </symbol_table>
   <title>Link successful</title>
</link_info>
